12 unused translations found
+------+-----------+-----+-------+
| Lang | Namespace | Key | Value |
+------+-----------+-----+-------+
