
   INFO  Baseline file written with 36 unused translation keys.  

