
   INFO  Baseline file written with 49 translation keys.  

